// Jest Snapshot v1, https://goo.gl/fbAQLP

exports[`renders correctly 1`] = `
Array [
  <div />,
  <div />,
  <div
    className="quote"
  >
    Quote :
     
    <br />
     
    By :
     
  </div>,
]
`;
